\BOOKMARK [0][-]{chapter.1}{\376\377\000I\000n\000t\000r\000o\000d\000u\000c\000t\000i\000o\000n}{}% 1
\BOOKMARK [1][-]{section.1.1}{\376\377\000C\000o\000n\000t\000e\000x\000t\000e}{chapter.1}% 2
\BOOKMARK [1][-]{section.1.2}{\376\377\000O\000b\000j\000e\000c\000t\000i\000f\000s\000\040\000d\000u\000\040\000d\000o\000c\000u\000m\000e\000n\000t}{chapter.1}% 3
\BOOKMARK [1][-]{section.1.3}{\376\377\000P\000\351\000r\000i\000m\000\350\000t\000r\000e}{chapter.1}% 4
\BOOKMARK [0][-]{chapter.2}{\376\377\000A\000n\000a\000l\000y\000s\000e\000\040\000d\000e\000s\000\040\000b\000e\000s\000o\000i\000n\000s}{}% 5
\BOOKMARK [1][-]{section.2.1}{\376\377\000A\000c\000t\000e\000u\000r\000s}{chapter.2}% 6
\BOOKMARK [1][-]{section.2.2}{\376\377\000C\000a\000s\000\040\000d\000'\000u\000s\000a\000g\000e\000\040\000p\000r\000i\000n\000c\000i\000p\000a\000u\000x}{chapter.2}% 7
\BOOKMARK [2][-]{subsection.2.2.1}{\376\377\000M\000o\000d\000u\000l\000e\000\040\000h\000\364\000t\000e\000l\000l\000e\000r\000i\000e}{section.2.2}% 8
\BOOKMARK [2][-]{subsection.2.2.2}{\376\377\000M\000o\000d\000u\000l\000e\000\040\000l\000o\000g\000e\000m\000e\000n\000t\000s}{section.2.2}% 9
\BOOKMARK [0][-]{chapter.3}{\376\377\000A\000r\000c\000h\000i\000t\000e\000c\000t\000u\000r\000e\000\040\000t\000e\000c\000h\000n\000i\000q\000u\000e}{}% 10
\BOOKMARK [1][-]{section.3.1}{\376\377\000S\000t\000a\000c\000k\000\040\000t\000e\000c\000h\000n\000o\000l\000o\000g\000i\000q\000u\000e}{chapter.3}% 11
\BOOKMARK [1][-]{section.3.2}{\376\377\000O\000r\000g\000a\000n\000i\000s\000a\000t\000i\000o\000n\000\040\000a\000p\000p\000l\000i\000c\000a\000t\000i\000v\000e}{chapter.3}% 12
\BOOKMARK [1][-]{section.3.3}{\376\377\000S\000e\000r\000v\000i\000c\000e\000s\000\040\000a\000p\000p\000l\000i\000c\000a\000t\000i\000f\000s}{chapter.3}% 13
\BOOKMARK [0][-]{chapter.4}{\376\377\000M\000o\000d\000\350\000l\000e\000\040\000d\000e\000\040\000d\000o\000n\000n\000\351\000e\000s}{}% 14
\BOOKMARK [1][-]{section.4.1}{\376\377\000V\000u\000e\000\040\000d\000'\000e\000n\000s\000e\000m\000b\000l\000e}{chapter.4}% 15
\BOOKMARK [1][-]{section.4.2}{\376\377\000T\000a\000b\000l\000e\000s\000\040\000p\000r\000i\000n\000c\000i\000p\000a\000l\000e\000s}{chapter.4}% 16
\BOOKMARK [1][-]{section.4.3}{\376\377\000D\000\351\000c\000i\000s\000i\000o\000n\000s\000\040\000d\000e\000\040\000c\000o\000n\000c\000e\000p\000t\000i\000o\000n\000\040\000n\000o\000t\000a\000b\000l\000e\000s}{chapter.4}% 17
\BOOKMARK [0][-]{chapter.5}{\376\377\000W\000o\000r\000k\000f\000l\000o\000w\000s\000\040\000m\000\351\000t\000i\000e\000r}{}% 18
\BOOKMARK [1][-]{section.5.1}{\376\377\000I\000n\000s\000c\000r\000i\000p\000t\000i\000o\000n\000\040\000e\000n\000\040\000d\000e\000u\000x\000\040\000\351\000t\000a\000p\000e\000s}{chapter.5}% 19
\BOOKMARK [1][-]{section.5.2}{\376\377\000V\000a\000l\000i\000d\000a\000t\000i\000o\000n\000\040\000e\000n\000\040\000c\000a\000s\000c\000a\000d\000e}{chapter.5}% 20
\BOOKMARK [1][-]{section.5.3}{\376\377\000R\000\351\000s\000e\000r\000v\000a\000t\000i\000o\000n\000\040\000h\000\364\000t\000e\000l\000i\000\350\000r\000e\000\040\000e\000t\000\040\000p\000a\000i\000e\000m\000e\000n\000t}{chapter.5}% 21
\BOOKMARK [1][-]{section.5.4}{\376\377\000L\000o\000c\000a\000t\000i\000o\000n\000\040\000d\000e\000\040\000l\000o\000g\000e\000m\000e\000n\000t}{chapter.5}% 22
\BOOKMARK [0][-]{chapter.6}{\376\377\000I\000n\000t\000\351\000g\000r\000a\000t\000i\000o\000n\000\040\000d\000u\000\040\000p\000a\000i\000e\000m\000e\000n\000t\000\040\000A\000a\000n\000g\000a\000r\000a\000a\000P\000a\000y}{}% 23
\BOOKMARK [1][-]{section.6.1}{\376\377\000P\000a\000i\000e\000m\000e\000n\000t\000\040\000d\000i\000r\000e\000c\000t}{chapter.6}% 24
\BOOKMARK [1][-]{section.6.2}{\376\377\000E\000f\000f\000e\000t\000s\000\040\000m\000\351\000t\000i\000e\000r\000\040\000\340\000\040\000l\000a\000\040\000c\000o\000n\000f\000i\000r\000m\000a\000t\000i\000o\000n}{chapter.6}% 25
\BOOKMARK [0][-]{chapter.7}{\376\377\000I\000n\000t\000e\000r\000f\000a\000c\000e\000\040\000\046\000\040\000e\000x\000p\000\351\000r\000i\000e\000n\000c\000e\000\040\000u\000t\000i\000l\000i\000s\000a\000t\000e\000u\000r}{}% 26
\BOOKMARK [1][-]{section.7.1}{\376\377\000P\000a\000l\000e\000t\000t\000e\000\040\000d\000e\000\040\000c\000o\000u\000l\000e\000u\000r\000s}{chapter.7}% 27
\BOOKMARK [1][-]{section.7.2}{\376\377\000T\000y\000p\000o\000g\000r\000a\000p\000h\000i\000e}{chapter.7}% 28
\BOOKMARK [1][-]{section.7.3}{\376\377\000C\000o\000m\000p\000o\000s\000a\000n\000t\000s\000\040\000t\000r\000a\000n\000s\000v\000e\000r\000s\000e\000s}{chapter.7}% 29
\BOOKMARK [0][-]{chapter.8}{\376\377\000S\000\351\000c\000u\000r\000i\000t\000\351}{}% 30
\BOOKMARK [1][-]{section.8.1}{\376\377\000C\000o\000n\000t\000r\000\364\000l\000e\000\040\000d\000'\000a\000c\000c\000\350\000s}{chapter.8}% 31
\BOOKMARK [1][-]{section.8.2}{\376\377\000V\000a\000l\000i\000d\000a\000t\000i\000o\000n\000\040\000e\000n\000\040\000p\000r\000o\000f\000o\000n\000d\000e\000u\000r}{chapter.8}% 32
\BOOKMARK [1][-]{section.8.3}{\376\377\000A\000c\000c\000\350\000s\000\040\000a\000d\000m\000i\000n\000\040\000e\000n\000\040\000l\000e\000c\000t\000u\000r\000e\000\040\000s\000e\000u\000l\000e}{chapter.8}% 33
\BOOKMARK [0][-]{chapter.9}{\376\377\000L\000i\000m\000i\000t\000e\000s\000\040\000c\000o\000n\000n\000u\000e\000s\000\040\000e\000t\000\040\000p\000e\000r\000s\000p\000e\000c\000t\000i\000v\000e\000s}{}% 34
\BOOKMARK [0][-]{chapter.10}{\376\377\000C\000o\000n\000c\000l\000u\000s\000i\000o\000n}{}% 35
